2026-02-21 04:30:31.842: [INFO] OnDoneLoading sync enabled: 0
2026-02-21 04:30:59.503: [INFO] OnDoneLoading sync enabled: 0
2026-02-21 07:09:47.017: [INFO] OnDoneLoading sync enabled: 0
2026-02-21 10:33:38.949: [INFO] OnDoneLoading sync enabled: 0
2026-02-21 11:49:03.977: [INFO] OnDoneLoading sync enabled: 0
2026-02-21 11:57:00.681: [INFO] OnDoneLoading sync enabled: 0
2026-02-21 11:57:10.071: [INFO] OnDoneLoading sync enabled: 0
2026-02-22 03:29:02.598: [INFO] OnDoneLoading sync enabled: 0
2026-03-03 16:01:00.724: [INFO] OnDoneLoading sync enabled: 0
2026-03-11 03:28:42.844: [INFO] OnDoneLoading sync enabled: 0
2026-03-14 23:54:46.183: [INFO] OnDoneLoading sync enabled: 0
2026-03-16 00:40:13.438: [INFO] OnDoneLoading sync enabled: 0
2026-03-17 03:23:04.425: [INFO] OnDoneLoading sync enabled: 0
2026-05-23 06:13:27.107: [INFO] OnDoneLoading sync enabled: 0
2026-05-23 11:07:48.941: [INFO] OnDoneLoading sync enabled: 0
2026-05-23 18:36:47.147: [INFO] OnDoneLoading sync enabled: 0
2026-05-24 07:36:50.464: [INFO] OnDoneLoading sync enabled: 0
2026-05-25 03:49:22.590: [INFO] OnDoneLoading sync enabled: 0
2026-07-09 04:50:15.955: [INFO] OnDoneLoading sync enabled: 0
2026-07-25 16:38:46.770: [INFO] OnDoneLoading sync enabled: 0
2026-07-25 16:58:11.642: [INFO] OnDoneLoading sync enabled: 0
2026-07-25 16:58:23.601: [INFO] OnDoneLoading sync enabled: 0
2026-07-25 16:59:45.630: [INFO] OnDoneLoading sync enabled: 0
2026-07-25 17:12:48.479: [INFO] OnDoneLoading sync enabled: 0
2026-07-25 17:20:02.581: [INFO] OnDoneLoading sync enabled: 0
2026-07-25 17:40:00.498: [INFO] OnDoneLoading sync enabled: 0
2026-07-25 17:45:15.080: [INFO] OnDoneLoading sync enabled: 0
2026-07-26 16:28:54.586: [INFO] OnDoneLoading sync enabled: 0
2026-07-26 16:29:57.077: [INFO] OnDoneLoading sync enabled: 0
2026-07-26 16:51:48.702: [INFO] OnDoneLoading sync enabled: 0
2026-07-26 16:52:18.966: [INFO] OnDoneLoading sync enabled: 0
2026-07-26 16:54:39.371: [INFO] OnDoneLoading sync enabled: 0
2026-07-26 16:55:49.300: [INFO] OnDoneLoading sync enabled: 0
2026-07-26 17:03:03.626: [INFO] OnDoneLoading sync enabled: 0
2026-07-26 17:04:08.843: [INFO] OnDoneLoading sync enabled: 0
2026-07-26 17:11:59.482: [INFO] OnDoneLoading sync enabled: 0
2026-07-26 17:13:40.969: [INFO] OnDoneLoading sync enabled: 0
2026-07-26 17:14:37.120: [INFO] OnDoneLoading sync enabled: 0
2026-07-26 17:15:28.275: [INFO] OnDoneLoading sync enabled: 0
2026-07-27 17:08:21.927: [INFO] OnDoneLoading sync enabled: 0
2026-07-27 17:26:09.282: [INFO] OnDoneLoading sync enabled: 0
2026-07-31 16:22:04.798: [INFO] OnDoneLoading sync enabled: 0
2026-08-01 16:45:29.757: [INFO] OnDoneLoading sync enabled: 0
2026-08-01 16:54:12.586: [INFO] OnDoneLoading sync enabled: 0
2026-08-01 16:56:36.996: [INFO] OnDoneLoading sync enabled: 0
2026-08-01 16:56:46.541: [INFO] OnDoneLoading sync enabled: 0
2026-08-01 16:57:33.522: [INFO] OnDoneLoading sync enabled: 0
2026-08-01 16:57:47.050: [INFO] OnDoneLoading sync enabled: 0
2026-08-01 17:01:27.011: [INFO] OnDoneLoading sync enabled: 0
2026-08-01 17:01:40.438: [INFO] OnDoneLoading sync enabled: 0
2026-08-01 17:02:20.944: [INFO] OnDoneLoading sync enabled: 0
2026-08-01 17:03:13.704: [INFO] OnDoneLoading sync enabled: 0
2026-08-01 17:03:29.405: [INFO] OnDoneLoading sync enabled: 0
2026-08-01 17:08:09.587: [INFO] OnDoneLoading sync enabled: 0
2026-08-01 17:09:52.610: [INFO] OnDoneLoading sync enabled: 0
2026-08-01 17:10:22.378: [INFO] OnDoneLoading sync enabled: 0
2026-08-01 17:14:37.164: [INFO] OnDoneLoading sync enabled: 0
2026-08-01 17:15:40.351: [INFO] OnDoneLoading sync enabled: 0
2026-08-01 17:17:19.489: [INFO] OnDoneLoading sync enabled: 0
2026-08-01 17:17:30.475: [INFO] OnDoneLoading sync enabled: 0
2026-08-01 17:17:33.512: [INFO] OnDoneLoading sync enabled: 0
2026-08-01 17:18:57.940: [INFO] OnDoneLoading sync enabled: 0
2026-08-01 18:19:59.673: [INFO] OnDoneLoading sync enabled: 0
2026-08-01 18:21:23.083: [INFO] OnDoneLoading sync enabled: 0
2026-08-03 16:53:28.348: [INFO] OnDoneLoading sync enabled: 0
2026-08-03 16:57:59.343: [INFO] OnDoneLoading sync enabled: 0
2026-08-03 16:58:13.853: [INFO] OnDoneLoading sync enabled: 0
2026-08-03 16:58:45.513: [INFO] OnDoneLoading sync enabled: 0
2026-08-03 16:58:51.794: [INFO] OnDoneLoading sync enabled: 0
2026-08-03 16:59:49.901: [INFO] OnDoneLoading sync enabled: 0
2026-08-03 17:00:09.119: [INFO] OnDoneLoading sync enabled: 0
2026-08-03 17:00:47.672: [INFO] OnDoneLoading sync enabled: 0
2026-08-03 17:01:46.603: [INFO] OnDoneLoading sync enabled: 0
2026-08-03 17:03:45.722: [INFO] OnDoneLoading sync enabled: 0
2026-08-10 17:43:12.696: [INFO] CurrentProfilePath: C:\Users\Shivanand\eclipse-workspace\.metadata\.plugins\org.eclipse.swt\EBWebView\Default
2026-08-10 17:43:12.696: [INFO] Profiles total count: 1
2026-08-10 17:43:12.697: [INFO] Profile: name=Profile 1 path=C:\Users\Shivanand\eclipse-workspace\.metadata\.plugins\org.eclipse.swt\EBWebView\Default lastActive=2026-05-23T18:41:24.655Z
2026-08-10 17:43:12.697: [INFO] LastUsedProfileDir: C:\Users\Shivanand\eclipse-workspace\.metadata\.plugins\org.eclipse.swt\EBWebView\Default
2026-08-10 17:43:12.697: [INFO] MostRecentlyActiveProfile: name=Profile 1 path=C:\Users\Shivanand\eclipse-workspace\.metadata\.plugins\org.eclipse.swt\EBWebView\Default lastActive=2026-05-23T18:41:24.655Z
2026-08-10 17:43:12.697: [INFO] OnDoneLoading sync enabled: 0
2026-08-10 17:43:12.697: [INFO] BookmarkModelLoaded, ids_reassigned: 0
2026-08-10 17:43:12.697: [INFO] BookmarksLoadDropped droppedNodes=0
2026-08-10 17:43:12.697: [INFO] BookmarksSnapshot Startup total=0 bar=0 other=0 mobile=0 showBar=0 showBarNTP=1
2026-08-10 17:43:13.755: [INFO] BookmarksSnapshot Shutdown total=0 bar=0 other=0 mobile=0 showBar=0 showBarNTP=1
2026-08-10 17:43:55.207: [INFO] CurrentProfilePath: C:\Users\Shivanand\eclipse-workspace\.metadata\.plugins\org.eclipse.swt\EBWebView\Default
2026-08-10 17:43:55.207: [INFO] Profiles total count: 1
2026-08-10 17:43:55.207: [INFO] Profile: name=Profile 1 path=C:\Users\Shivanand\eclipse-workspace\.metadata\.plugins\org.eclipse.swt\EBWebView\Default lastActive=2026-05-23T18:41:24.655Z
2026-08-10 17:43:55.207: [INFO] LastUsedProfileDir: C:\Users\Shivanand\eclipse-workspace\.metadata\.plugins\org.eclipse.swt\EBWebView\Default
2026-08-10 17:43:55.207: [INFO] MostRecentlyActiveProfile: name=Profile 1 path=C:\Users\Shivanand\eclipse-workspace\.metadata\.plugins\org.eclipse.swt\EBWebView\Default lastActive=2026-05-23T18:41:24.655Z
2026-08-10 17:43:55.207: [INFO] OnDoneLoading sync enabled: 0
2026-08-10 17:43:55.207: [INFO] BookmarkModelLoaded, ids_reassigned: 0
2026-08-10 17:43:55.207: [INFO] BookmarksLoadDropped droppedNodes=0
2026-08-10 17:43:55.207: [INFO] BookmarksSnapshot Startup total=0 bar=0 other=0 mobile=0 showBar=0 showBarNTP=1
2026-08-10 17:44:03.044: [INFO] BookmarksSnapshot Shutdown total=0 bar=0 other=0 mobile=0 showBar=0 showBarNTP=1
2026-08-10 17:44:44.807: [INFO] CurrentProfilePath: C:\Users\Shivanand\eclipse-workspace\.metadata\.plugins\org.eclipse.swt\EBWebView\Default
2026-08-10 17:44:44.807: [INFO] Profiles total count: 1
2026-08-10 17:44:44.808: [INFO] Profile: name=Profile 1 path=C:\Users\Shivanand\eclipse-workspace\.metadata\.plugins\org.eclipse.swt\EBWebView\Default lastActive=2026-05-23T18:41:24.655Z
2026-08-10 17:44:44.808: [INFO] LastUsedProfileDir: C:\Users\Shivanand\eclipse-workspace\.metadata\.plugins\org.eclipse.swt\EBWebView\Default
2026-08-10 17:44:44.808: [INFO] MostRecentlyActiveProfile: name=Profile 1 path=C:\Users\Shivanand\eclipse-workspace\.metadata\.plugins\org.eclipse.swt\EBWebView\Default lastActive=2026-05-23T18:41:24.655Z
2026-08-10 17:44:44.808: [INFO] OnDoneLoading sync enabled: 0
2026-08-10 17:44:44.808: [INFO] BookmarkModelLoaded, ids_reassigned: 0
2026-08-10 17:44:44.808: [INFO] BookmarksLoadDropped droppedNodes=0
2026-08-10 17:44:44.808: [INFO] BookmarksSnapshot Startup total=0 bar=0 other=0 mobile=0 showBar=0 showBarNTP=1
2026-08-10 17:50:42.191: [INFO] BookmarksSnapshot Shutdown total=0 bar=0 other=0 mobile=0 showBar=0 showBarNTP=1
2026-08-10 17:52:12.051: [INFO] CurrentProfilePath: C:\Users\Shivanand\eclipse-workspace\.metadata\.plugins\org.eclipse.swt\EBWebView\Default
2026-08-10 17:52:12.051: [INFO] Profiles total count: 1
2026-08-10 17:52:12.051: [INFO] Profile: name=Profile 1 path=C:\Users\Shivanand\eclipse-workspace\.metadata\.plugins\org.eclipse.swt\EBWebView\Default lastActive=2026-05-23T18:41:24.655Z
2026-08-10 17:52:12.051: [INFO] LastUsedProfileDir: C:\Users\Shivanand\eclipse-workspace\.metadata\.plugins\org.eclipse.swt\EBWebView\Default
2026-08-10 17:52:12.051: [INFO] MostRecentlyActiveProfile: name=Profile 1 path=C:\Users\Shivanand\eclipse-workspace\.metadata\.plugins\org.eclipse.swt\EBWebView\Default lastActive=2026-05-23T18:41:24.655Z
2026-08-10 17:52:12.051: [INFO] OnDoneLoading sync enabled: 0
2026-08-10 17:52:12.051: [INFO] BookmarkModelLoaded, ids_reassigned: 0
2026-08-10 17:52:12.051: [INFO] BookmarksLoadDropped droppedNodes=0
2026-08-10 17:52:12.051: [INFO] BookmarksSnapshot Startup total=0 bar=0 other=0 mobile=0 showBar=0 showBarNTP=1
2026-08-10 17:52:32.942: [INFO] BookmarksSnapshot Shutdown total=0 bar=0 other=0 mobile=0 showBar=0 showBarNTP=1
2026-08-10 17:54:16.912: [INFO] CurrentProfilePath: C:\Users\Shivanand\eclipse-workspace\.metadata\.plugins\org.eclipse.swt\EBWebView\Default
2026-08-10 17:54:16.912: [INFO] Profiles total count: 1
2026-08-10 17:54:16.913: [INFO] Profile: name=Profile 1 path=C:\Users\Shivanand\eclipse-workspace\.metadata\.plugins\org.eclipse.swt\EBWebView\Default lastActive=2026-05-23T18:41:24.655Z
2026-08-10 17:54:16.913: [INFO] LastUsedProfileDir: C:\Users\Shivanand\eclipse-workspace\.metadata\.plugins\org.eclipse.swt\EBWebView\Default
2026-08-10 17:54:16.913: [INFO] MostRecentlyActiveProfile: name=Profile 1 path=C:\Users\Shivanand\eclipse-workspace\.metadata\.plugins\org.eclipse.swt\EBWebView\Default lastActive=2026-05-23T18:41:24.655Z
2026-08-10 17:54:16.913: [INFO] OnDoneLoading sync enabled: 0
2026-08-10 17:54:16.913: [INFO] BookmarkModelLoaded, ids_reassigned: 0
2026-08-10 17:54:16.913: [INFO] BookmarksLoadDropped droppedNodes=0
2026-08-10 17:54:16.913: [INFO] BookmarksSnapshot Startup total=0 bar=0 other=0 mobile=0 showBar=0 showBarNTP=1
2026-08-10 17:54:47.548: [INFO] BookmarksSnapshot Shutdown total=0 bar=0 other=0 mobile=0 showBar=0 showBarNTP=1
2026-08-10 17:54:54.457: [INFO] CurrentProfilePath: C:\Users\Shivanand\eclipse-workspace\.metadata\.plugins\org.eclipse.swt\EBWebView\Default
2026-08-10 17:54:54.457: [INFO] Profiles total count: 1
2026-08-10 17:54:54.458: [INFO] Profile: name=Profile 1 path=C:\Users\Shivanand\eclipse-workspace\.metadata\.plugins\org.eclipse.swt\EBWebView\Default lastActive=2026-05-23T18:41:24.655Z
2026-08-10 17:54:54.458: [INFO] LastUsedProfileDir: C:\Users\Shivanand\eclipse-workspace\.metadata\.plugins\org.eclipse.swt\EBWebView\Default
2026-08-10 17:54:54.458: [INFO] MostRecentlyActiveProfile: name=Profile 1 path=C:\Users\Shivanand\eclipse-workspace\.metadata\.plugins\org.eclipse.swt\EBWebView\Default lastActive=2026-05-23T18:41:24.655Z
2026-08-10 17:54:54.458: [INFO] OnDoneLoading sync enabled: 0
2026-08-10 17:54:54.458: [INFO] BookmarkModelLoaded, ids_reassigned: 0
2026-08-10 17:54:54.458: [INFO] BookmarksLoadDropped droppedNodes=0
2026-08-10 17:54:54.458: [INFO] BookmarksSnapshot Startup total=0 bar=0 other=0 mobile=0 showBar=0 showBarNTP=1
2026-08-10 17:55:09.012: [INFO] BookmarksSnapshot Shutdown total=0 bar=0 other=0 mobile=0 showBar=0 showBarNTP=1
2026-08-10 17:55:27.087: [INFO] CurrentProfilePath: C:\Users\Shivanand\eclipse-workspace\.metadata\.plugins\org.eclipse.swt\EBWebView\Default
2026-08-10 17:55:27.088: [INFO] Profiles total count: 1
2026-08-10 17:55:27.088: [INFO] Profile: name=Profile 1 path=C:\Users\Shivanand\eclipse-workspace\.metadata\.plugins\org.eclipse.swt\EBWebView\Default lastActive=2026-05-23T18:41:24.655Z
2026-08-10 17:55:27.088: [INFO] LastUsedProfileDir: C:\Users\Shivanand\eclipse-workspace\.metadata\.plugins\org.eclipse.swt\EBWebView\Default
2026-08-10 17:55:27.088: [INFO] MostRecentlyActiveProfile: name=Profile 1 path=C:\Users\Shivanand\eclipse-workspace\.metadata\.plugins\org.eclipse.swt\EBWebView\Default lastActive=2026-05-23T18:41:24.655Z
2026-08-10 17:55:27.088: [INFO] OnDoneLoading sync enabled: 0
2026-08-10 17:55:27.088: [INFO] BookmarkModelLoaded, ids_reassigned: 0
2026-08-10 17:55:27.088: [INFO] BookmarksLoadDropped droppedNodes=0
2026-08-10 17:55:27.088: [INFO] BookmarksSnapshot Startup total=0 bar=0 other=0 mobile=0 showBar=0 showBarNTP=1
2026-08-10 17:55:52.277: [INFO] BookmarksSnapshot Shutdown total=0 bar=0 other=0 mobile=0 showBar=0 showBarNTP=1
2026-08-10 17:56:10.089: [INFO] CurrentProfilePath: C:\Users\Shivanand\eclipse-workspace\.metadata\.plugins\org.eclipse.swt\EBWebView\Default
2026-08-10 17:56:10.089: [INFO] Profiles total count: 1
2026-08-10 17:56:10.089: [INFO] Profile: name=Profile 1 path=C:\Users\Shivanand\eclipse-workspace\.metadata\.plugins\org.eclipse.swt\EBWebView\Default lastActive=2026-05-23T18:41:24.655Z
2026-08-10 17:56:10.089: [INFO] LastUsedProfileDir: C:\Users\Shivanand\eclipse-workspace\.metadata\.plugins\org.eclipse.swt\EBWebView\Default
2026-08-10 17:56:10.089: [INFO] MostRecentlyActiveProfile: name=Profile 1 path=C:\Users\Shivanand\eclipse-workspace\.metadata\.plugins\org.eclipse.swt\EBWebView\Default lastActive=2026-05-23T18:41:24.655Z
2026-08-10 17:56:10.089: [INFO] OnDoneLoading sync enabled: 0
2026-08-10 17:56:10.089: [INFO] BookmarkModelLoaded, ids_reassigned: 0
2026-08-10 17:56:10.089: [INFO] BookmarksLoadDropped droppedNodes=0
2026-08-10 17:56:10.089: [INFO] BookmarksSnapshot Startup total=0 bar=0 other=0 mobile=0 showBar=0 showBarNTP=1
2026-08-10 18:03:58.828: [INFO] BookmarksSnapshot Shutdown total=0 bar=0 other=0 mobile=0 showBar=0 showBarNTP=1
2026-08-10 18:05:21.553: [INFO] CurrentProfilePath: C:\Users\Shivanand\eclipse-workspace\.metadata\.plugins\org.eclipse.swt\EBWebView\Default
2026-08-10 18:05:21.553: [INFO] Profiles total count: 1
2026-08-10 18:05:21.553: [INFO] Profile: name=Profile 1 path=C:\Users\Shivanand\eclipse-workspace\.metadata\.plugins\org.eclipse.swt\EBWebView\Default lastActive=2026-05-23T18:41:24.655Z
2026-08-10 18:05:21.553: [INFO] LastUsedProfileDir: C:\Users\Shivanand\eclipse-workspace\.metadata\.plugins\org.eclipse.swt\EBWebView\Default
2026-08-10 18:05:21.553: [INFO] MostRecentlyActiveProfile: name=Profile 1 path=C:\Users\Shivanand\eclipse-workspace\.metadata\.plugins\org.eclipse.swt\EBWebView\Default lastActive=2026-05-23T18:41:24.655Z
2026-08-10 18:05:21.553: [INFO] OnDoneLoading sync enabled: 0
2026-08-10 18:05:21.553: [INFO] BookmarkModelLoaded, ids_reassigned: 0
2026-08-10 18:05:21.553: [INFO] BookmarksLoadDropped droppedNodes=0
2026-08-10 18:05:21.553: [INFO] BookmarksSnapshot Startup total=0 bar=0 other=0 mobile=0 showBar=0 showBarNTP=1
2026-08-10 18:05:56.207: [INFO] BookmarksSnapshot Shutdown total=0 bar=0 other=0 mobile=0 showBar=0 showBarNTP=1
2026-08-10 18:06:00.350: [INFO] CurrentProfilePath: C:\Users\Shivanand\eclipse-workspace\.metadata\.plugins\org.eclipse.swt\EBWebView\Default
2026-08-10 18:06:00.350: [INFO] Profiles total count: 1
2026-08-10 18:06:00.350: [INFO] Profile: name=Profile 1 path=C:\Users\Shivanand\eclipse-workspace\.metadata\.plugins\org.eclipse.swt\EBWebView\Default lastActive=2026-05-23T18:41:24.655Z
2026-08-10 18:06:00.350: [INFO] LastUsedProfileDir: C:\Users\Shivanand\eclipse-workspace\.metadata\.plugins\org.eclipse.swt\EBWebView\Default
2026-08-10 18:06:00.350: [INFO] MostRecentlyActiveProfile: name=Profile 1 path=C:\Users\Shivanand\eclipse-workspace\.metadata\.plugins\org.eclipse.swt\EBWebView\Default lastActive=2026-05-23T18:41:24.655Z
2026-08-10 18:06:00.350: [INFO] OnDoneLoading sync enabled: 0
2026-08-10 18:06:00.350: [INFO] BookmarkModelLoaded, ids_reassigned: 0
2026-08-10 18:06:00.350: [INFO] BookmarksLoadDropped droppedNodes=0
2026-08-10 18:06:00.350: [INFO] BookmarksSnapshot Startup total=0 bar=0 other=0 mobile=0 showBar=0 showBarNTP=1
2026-08-10 18:06:52.317: [INFO] BookmarksSnapshot Shutdown total=0 bar=0 other=0 mobile=0 showBar=0 showBarNTP=1
2026-08-10 18:07:05.005: [INFO] CurrentProfilePath: C:\Users\Shivanand\eclipse-workspace\.metadata\.plugins\org.eclipse.swt\EBWebView\Default
2026-08-10 18:07:05.006: [INFO] Profiles total count: 1
2026-08-10 18:07:05.006: [INFO] Profile: name=Profile 1 path=C:\Users\Shivanand\eclipse-workspace\.metadata\.plugins\org.eclipse.swt\EBWebView\Default lastActive=2026-05-23T18:41:24.655Z
2026-08-10 18:07:05.006: [INFO] LastUsedProfileDir: C:\Users\Shivanand\eclipse-workspace\.metadata\.plugins\org.eclipse.swt\EBWebView\Default
2026-08-10 18:07:05.006: [INFO] MostRecentlyActiveProfile: name=Profile 1 path=C:\Users\Shivanand\eclipse-workspace\.metadata\.plugins\org.eclipse.swt\EBWebView\Default lastActive=2026-05-23T18:41:24.655Z
2026-08-10 18:07:05.006: [INFO] OnDoneLoading sync enabled: 0
2026-08-10 18:07:05.006: [INFO] BookmarkModelLoaded, ids_reassigned: 0
2026-08-10 18:07:05.006: [INFO] BookmarksLoadDropped droppedNodes=0
2026-08-10 18:07:05.006: [INFO] BookmarksSnapshot Startup total=0 bar=0 other=0 mobile=0 showBar=0 showBarNTP=1
2026-08-10 18:07:08.366: [INFO] BookmarksSnapshot Shutdown total=0 bar=0 other=0 mobile=0 showBar=0 showBarNTP=1
2026-08-10 18:07:18.969: [INFO] CurrentProfilePath: C:\Users\Shivanand\eclipse-workspace\.metadata\.plugins\org.eclipse.swt\EBWebView\Default
2026-08-10 18:07:18.969: [INFO] Profiles total count: 1
2026-08-10 18:07:18.970: [INFO] Profile: name=Profile 1 path=C:\Users\Shivanand\eclipse-workspace\.metadata\.plugins\org.eclipse.swt\EBWebView\Default lastActive=2026-05-23T18:41:24.655Z
2026-08-10 18:07:18.970: [INFO] LastUsedProfileDir: C:\Users\Shivanand\eclipse-workspace\.metadata\.plugins\org.eclipse.swt\EBWebView\Default
2026-08-10 18:07:18.970: [INFO] MostRecentlyActiveProfile: name=Profile 1 path=C:\Users\Shivanand\eclipse-workspace\.metadata\.plugins\org.eclipse.swt\EBWebView\Default lastActive=2026-05-23T18:41:24.655Z
2026-08-10 18:07:18.970: [INFO] OnDoneLoading sync enabled: 0
2026-08-10 18:07:18.970: [INFO] BookmarkModelLoaded, ids_reassigned: 0
2026-08-10 18:07:18.970: [INFO] BookmarksLoadDropped droppedNodes=0
2026-08-10 18:07:18.970: [INFO] BookmarksSnapshot Startup total=0 bar=0 other=0 mobile=0 showBar=0 showBarNTP=1
2026-08-10 18:13:28.047: [INFO] BookmarksSnapshot Shutdown total=0 bar=0 other=0 mobile=0 showBar=0 showBarNTP=1
2026-08-10 18:16:16.705: [INFO] CurrentProfilePath: C:\Users\Shivanand\eclipse-workspace\.metadata\.plugins\org.eclipse.swt\EBWebView\Default
2026-08-10 18:16:16.705: [INFO] Profiles total count: 1
2026-08-10 18:16:16.706: [INFO] Profile: name=Profile 1 path=C:\Users\Shivanand\eclipse-workspace\.metadata\.plugins\org.eclipse.swt\EBWebView\Default lastActive=2026-05-23T18:41:24.655Z
2026-08-10 18:16:16.706: [INFO] LastUsedProfileDir: C:\Users\Shivanand\eclipse-workspace\.metadata\.plugins\org.eclipse.swt\EBWebView\Default
2026-08-10 18:16:16.706: [INFO] MostRecentlyActiveProfile: name=Profile 1 path=C:\Users\Shivanand\eclipse-workspace\.metadata\.plugins\org.eclipse.swt\EBWebView\Default lastActive=2026-05-23T18:41:24.655Z
2026-08-10 18:16:16.706: [INFO] OnDoneLoading sync enabled: 0
2026-08-10 18:16:16.706: [INFO] BookmarkModelLoaded, ids_reassigned: 0
2026-08-10 18:16:16.706: [INFO] BookmarksLoadDropped droppedNodes=0
2026-08-10 18:16:16.706: [INFO] BookmarksSnapshot Startup total=0 bar=0 other=0 mobile=0 showBar=0 showBarNTP=1
2026-08-10 18:17:28.426: [INFO] BookmarksSnapshot Shutdown total=0 bar=0 other=0 mobile=0 showBar=0 showBarNTP=1
2026-08-10 18:19:34.029: [INFO] CurrentProfilePath: C:\Users\Shivanand\eclipse-workspace\.metadata\.plugins\org.eclipse.swt\EBWebView\Default
2026-08-10 18:19:34.029: [INFO] Profiles total count: 1
2026-08-10 18:19:34.030: [INFO] Profile: name=Profile 1 path=C:\Users\Shivanand\eclipse-workspace\.metadata\.plugins\org.eclipse.swt\EBWebView\Default lastActive=2026-05-23T18:41:24.655Z
2026-08-10 18:19:34.030: [INFO] LastUsedProfileDir: C:\Users\Shivanand\eclipse-workspace\.metadata\.plugins\org.eclipse.swt\EBWebView\Default
2026-08-10 18:19:34.030: [INFO] MostRecentlyActiveProfile: name=Profile 1 path=C:\Users\Shivanand\eclipse-workspace\.metadata\.plugins\org.eclipse.swt\EBWebView\Default lastActive=2026-05-23T18:41:24.655Z
2026-08-10 18:19:34.030: [INFO] OnDoneLoading sync enabled: 0
2026-08-10 18:19:34.030: [INFO] BookmarkModelLoaded, ids_reassigned: 0
2026-08-10 18:19:34.030: [INFO] BookmarksLoadDropped droppedNodes=0
2026-08-10 18:19:34.030: [INFO] BookmarksSnapshot Startup total=0 bar=0 other=0 mobile=0 showBar=0 showBarNTP=1
2026-08-10 18:28:53.971: [INFO] BookmarksSnapshot Shutdown total=0 bar=0 other=0 mobile=0 showBar=0 showBarNTP=1
2026-08-10 18:36:39.885: [INFO] CurrentProfilePath: C:\Users\Shivanand\eclipse-workspace\.metadata\.plugins\org.eclipse.swt\EBWebView\Default
2026-08-10 18:36:39.885: [INFO] Profiles total count: 1
2026-08-10 18:36:39.885: [INFO] Profile: name=Profile 1 path=C:\Users\Shivanand\eclipse-workspace\.metadata\.plugins\org.eclipse.swt\EBWebView\Default lastActive=2026-05-23T18:41:24.655Z
2026-08-10 18:36:39.885: [INFO] LastUsedProfileDir: C:\Users\Shivanand\eclipse-workspace\.metadata\.plugins\org.eclipse.swt\EBWebView\Default
2026-08-10 18:36:39.885: [INFO] MostRecentlyActiveProfile: name=Profile 1 path=C:\Users\Shivanand\eclipse-workspace\.metadata\.plugins\org.eclipse.swt\EBWebView\Default lastActive=2026-05-23T18:41:24.655Z
2026-08-10 18:36:39.885: [INFO] OnDoneLoading sync enabled: 0
2026-08-10 18:36:39.885: [INFO] BookmarkModelLoaded, ids_reassigned: 0
2026-08-10 18:36:39.885: [INFO] BookmarksLoadDropped droppedNodes=0
2026-08-10 18:36:39.885: [INFO] BookmarksSnapshot Startup total=0 bar=0 other=0 mobile=0 showBar=0 showBarNTP=1
2026-08-10 18:37:07.162: [INFO] BookmarksSnapshot Shutdown total=0 bar=0 other=0 mobile=0 showBar=0 showBarNTP=1
2026-08-10 18:38:22.380: [INFO] CurrentProfilePath: C:\Users\Shivanand\eclipse-workspace\.metadata\.plugins\org.eclipse.swt\EBWebView\Default
2026-08-10 18:38:22.380: [INFO] Profiles total count: 1
2026-08-10 18:38:22.380: [INFO] Profile: name=Profile 1 path=C:\Users\Shivanand\eclipse-workspace\.metadata\.plugins\org.eclipse.swt\EBWebView\Default lastActive=2026-05-23T18:41:24.655Z
2026-08-10 18:38:22.380: [INFO] LastUsedProfileDir: C:\Users\Shivanand\eclipse-workspace\.metadata\.plugins\org.eclipse.swt\EBWebView\Default
2026-08-10 18:38:22.380: [INFO] MostRecentlyActiveProfile: name=Profile 1 path=C:\Users\Shivanand\eclipse-workspace\.metadata\.plugins\org.eclipse.swt\EBWebView\Default lastActive=2026-05-23T18:41:24.655Z
2026-08-10 18:38:22.380: [INFO] OnDoneLoading sync enabled: 0
2026-08-10 18:38:22.380: [INFO] BookmarkModelLoaded, ids_reassigned: 0
2026-08-10 18:38:22.380: [INFO] BookmarksLoadDropped droppedNodes=0
2026-08-10 18:38:22.380: [INFO] BookmarksSnapshot Startup total=0 bar=0 other=0 mobile=0 showBar=0 showBarNTP=1
2026-08-10 18:39:44.210: [INFO] BookmarksSnapshot Shutdown total=0 bar=0 other=0 mobile=0 showBar=0 showBarNTP=1
2026-08-11 16:46:54.634: [INFO] CurrentProfilePath: C:\Users\Shivanand\eclipse-workspace\.metadata\.plugins\org.eclipse.swt\EBWebView\Default
2026-08-11 16:46:54.634: [INFO] Profiles total count: 1
2026-08-11 16:46:54.634: [INFO] Profile: name=Profile 1 path=C:\Users\Shivanand\eclipse-workspace\.metadata\.plugins\org.eclipse.swt\EBWebView\Default lastActive=2026-05-23T18:41:24.655Z
2026-08-11 16:46:54.634: [INFO] LastUsedProfileDir: C:\Users\Shivanand\eclipse-workspace\.metadata\.plugins\org.eclipse.swt\EBWebView\Default
2026-08-11 16:46:54.634: [INFO] MostRecentlyActiveProfile: name=Profile 1 path=C:\Users\Shivanand\eclipse-workspace\.metadata\.plugins\org.eclipse.swt\EBWebView\Default lastActive=2026-05-23T18:41:24.655Z
2026-08-11 16:46:54.634: [INFO] OnDoneLoading sync enabled: 0
2026-08-11 16:46:54.634: [INFO] BookmarkModelLoaded, ids_reassigned: 0
2026-08-11 16:46:54.634: [INFO] BookmarksLoadDropped droppedNodes=0
2026-08-11 16:46:54.634: [INFO] BookmarksSnapshot Startup total=0 bar=0 other=0 mobile=0 showBar=0 showBarNTP=1
2026-08-11 16:52:01.389: [INFO] BookmarksSnapshot Shutdown total=0 bar=0 other=0 mobile=0 showBar=0 showBarNTP=1
2026-08-11 16:52:15.175: [INFO] CurrentProfilePath: C:\Users\Shivanand\eclipse-workspace\.metadata\.plugins\org.eclipse.swt\EBWebView\Default
2026-08-11 16:52:15.175: [INFO] Profiles total count: 1
2026-08-11 16:52:15.175: [INFO] Profile: name=Profile 1 path=C:\Users\Shivanand\eclipse-workspace\.metadata\.plugins\org.eclipse.swt\EBWebView\Default lastActive=2026-05-23T18:41:24.655Z
2026-08-11 16:52:15.175: [INFO] LastUsedProfileDir: C:\Users\Shivanand\eclipse-workspace\.metadata\.plugins\org.eclipse.swt\EBWebView\Default
2026-08-11 16:52:15.175: [INFO] MostRecentlyActiveProfile: name=Profile 1 path=C:\Users\Shivanand\eclipse-workspace\.metadata\.plugins\org.eclipse.swt\EBWebView\Default lastActive=2026-05-23T18:41:24.655Z
2026-08-11 16:52:15.175: [INFO] OnDoneLoading sync enabled: 0
2026-08-11 16:52:15.175: [INFO] BookmarkModelLoaded, ids_reassigned: 0
2026-08-11 16:52:15.175: [INFO] BookmarksLoadDropped droppedNodes=0
2026-08-11 16:52:15.175: [INFO] BookmarksSnapshot Startup total=0 bar=0 other=0 mobile=0 showBar=0 showBarNTP=1
2026-08-11 16:56:46.627: [INFO] BookmarksSnapshot Shutdown total=0 bar=0 other=0 mobile=0 showBar=0 showBarNTP=1
2026-08-11 16:57:18.086: [INFO] CurrentProfilePath: C:\Users\Shivanand\eclipse-workspace\.metadata\.plugins\org.eclipse.swt\EBWebView\Default
2026-08-11 16:57:18.086: [INFO] Profiles total count: 1
2026-08-11 16:57:18.087: [INFO] Profile: name=Profile 1 path=C:\Users\Shivanand\eclipse-workspace\.metadata\.plugins\org.eclipse.swt\EBWebView\Default lastActive=2026-05-23T18:41:24.655Z
2026-08-11 16:57:18.087: [INFO] LastUsedProfileDir: C:\Users\Shivanand\eclipse-workspace\.metadata\.plugins\org.eclipse.swt\EBWebView\Default
2026-08-11 16:57:18.087: [INFO] MostRecentlyActiveProfile: name=Profile 1 path=C:\Users\Shivanand\eclipse-workspace\.metadata\.plugins\org.eclipse.swt\EBWebView\Default lastActive=2026-05-23T18:41:24.655Z
2026-08-11 16:57:18.087: [INFO] OnDoneLoading sync enabled: 0
2026-08-11 16:57:18.087: [INFO] BookmarkModelLoaded, ids_reassigned: 0
2026-08-11 16:57:18.087: [INFO] BookmarksLoadDropped droppedNodes=0
2026-08-11 16:57:18.087: [INFO] BookmarksSnapshot Startup total=0 bar=0 other=0 mobile=0 showBar=0 showBarNTP=1
2026-08-11 16:58:53.698: [INFO] BookmarksSnapshot Shutdown total=0 bar=0 other=0 mobile=0 showBar=0 showBarNTP=1
2026-08-11 16:59:03.339: [INFO] CurrentProfilePath: C:\Users\Shivanand\eclipse-workspace\.metadata\.plugins\org.eclipse.swt\EBWebView\Default
2026-08-11 16:59:03.339: [INFO] Profiles total count: 1
2026-08-11 16:59:03.339: [INFO] Profile: name=Profile 1 path=C:\Users\Shivanand\eclipse-workspace\.metadata\.plugins\org.eclipse.swt\EBWebView\Default lastActive=2026-05-23T18:41:24.655Z
2026-08-11 16:59:03.339: [INFO] LastUsedProfileDir: C:\Users\Shivanand\eclipse-workspace\.metadata\.plugins\org.eclipse.swt\EBWebView\Default
2026-08-11 16:59:03.339: [INFO] MostRecentlyActiveProfile: name=Profile 1 path=C:\Users\Shivanand\eclipse-workspace\.metadata\.plugins\org.eclipse.swt\EBWebView\Default lastActive=2026-05-23T18:41:24.655Z
2026-08-11 16:59:03.339: [INFO] OnDoneLoading sync enabled: 0
2026-08-11 16:59:03.339: [INFO] BookmarkModelLoaded, ids_reassigned: 0
2026-08-11 16:59:03.339: [INFO] BookmarksLoadDropped droppedNodes=0
2026-08-11 16:59:03.339: [INFO] BookmarksSnapshot Startup total=0 bar=0 other=0 mobile=0 showBar=0 showBarNTP=1
2026-08-11 16:59:12.694: [INFO] BookmarksSnapshot Shutdown total=0 bar=0 other=0 mobile=0 showBar=0 showBarNTP=1
2026-08-11 17:00:44.095: [INFO] CurrentProfilePath: C:\Users\Shivanand\eclipse-workspace\.metadata\.plugins\org.eclipse.swt\EBWebView\Default
2026-08-11 17:00:44.095: [INFO] Profiles total count: 1
2026-08-11 17:00:44.096: [INFO] Profile: name=Profile 1 path=C:\Users\Shivanand\eclipse-workspace\.metadata\.plugins\org.eclipse.swt\EBWebView\Default lastActive=2026-05-23T18:41:24.655Z
2026-08-11 17:00:44.096: [INFO] LastUsedProfileDir: C:\Users\Shivanand\eclipse-workspace\.metadata\.plugins\org.eclipse.swt\EBWebView\Default
2026-08-11 17:00:44.096: [INFO] MostRecentlyActiveProfile: name=Profile 1 path=C:\Users\Shivanand\eclipse-workspace\.metadata\.plugins\org.eclipse.swt\EBWebView\Default lastActive=2026-05-23T18:41:24.655Z
2026-08-11 17:00:44.096: [INFO] OnDoneLoading sync enabled: 0
2026-08-11 17:00:44.096: [INFO] BookmarkModelLoaded, ids_reassigned: 0
2026-08-11 17:00:44.096: [INFO] BookmarksLoadDropped droppedNodes=0
2026-08-11 17:00:44.096: [INFO] BookmarksSnapshot Startup total=0 bar=0 other=0 mobile=0 showBar=0 showBarNTP=1
2026-08-11 17:01:01.782: [INFO] BookmarksSnapshot Shutdown total=0 bar=0 other=0 mobile=0 showBar=0 showBarNTP=1
2026-08-11 17:01:31.093: [INFO] CurrentProfilePath: C:\Users\Shivanand\eclipse-workspace\.metadata\.plugins\org.eclipse.swt\EBWebView\Default
2026-08-11 17:01:31.093: [INFO] Profiles total count: 1
2026-08-11 17:01:31.093: [INFO] Profile: name=Profile 1 path=C:\Users\Shivanand\eclipse-workspace\.metadata\.plugins\org.eclipse.swt\EBWebView\Default lastActive=2026-05-23T18:41:24.655Z
2026-08-11 17:01:31.093: [INFO] LastUsedProfileDir: C:\Users\Shivanand\eclipse-workspace\.metadata\.plugins\org.eclipse.swt\EBWebView\Default
2026-08-11 17:01:31.093: [INFO] MostRecentlyActiveProfile: name=Profile 1 path=C:\Users\Shivanand\eclipse-workspace\.metadata\.plugins\org.eclipse.swt\EBWebView\Default lastActive=2026-05-23T18:41:24.655Z
2026-08-11 17:01:31.093: [INFO] OnDoneLoading sync enabled: 0
2026-08-11 17:01:31.093: [INFO] BookmarkModelLoaded, ids_reassigned: 0
2026-08-11 17:01:31.093: [INFO] BookmarksLoadDropped droppedNodes=0
2026-08-11 17:01:31.093: [INFO] BookmarksSnapshot Startup total=0 bar=0 other=0 mobile=0 showBar=0 showBarNTP=1
2026-08-11 17:01:38.476: [INFO] BookmarksSnapshot Shutdown total=0 bar=0 other=0 mobile=0 showBar=0 showBarNTP=1
2026-08-11 17:01:54.764: [INFO] CurrentProfilePath: C:\Users\Shivanand\eclipse-workspace\.metadata\.plugins\org.eclipse.swt\EBWebView\Default
2026-08-11 17:01:54.764: [INFO] Profiles total count: 1
2026-08-11 17:01:54.765: [INFO] Profile: name=Profile 1 path=C:\Users\Shivanand\eclipse-workspace\.metadata\.plugins\org.eclipse.swt\EBWebView\Default lastActive=2026-05-23T18:41:24.655Z
2026-08-11 17:01:54.765: [INFO] LastUsedProfileDir: C:\Users\Shivanand\eclipse-workspace\.metadata\.plugins\org.eclipse.swt\EBWebView\Default
2026-08-11 17:01:54.765: [INFO] MostRecentlyActiveProfile: name=Profile 1 path=C:\Users\Shivanand\eclipse-workspace\.metadata\.plugins\org.eclipse.swt\EBWebView\Default lastActive=2026-05-23T18:41:24.655Z
2026-08-11 17:01:54.765: [INFO] OnDoneLoading sync enabled: 0
2026-08-11 17:01:54.765: [INFO] BookmarkModelLoaded, ids_reassigned: 0
2026-08-11 17:01:54.765: [INFO] BookmarksLoadDropped droppedNodes=0
2026-08-11 17:01:54.765: [INFO] BookmarksSnapshot Startup total=0 bar=0 other=0 mobile=0 showBar=0 showBarNTP=1
2026-08-11 17:02:16.307: [INFO] BookmarksSnapshot Shutdown total=0 bar=0 other=0 mobile=0 showBar=0 showBarNTP=1
2026-08-11 17:02:16.346: [INFO] CurrentProfilePath: C:\Users\Shivanand\eclipse-workspace\.metadata\.plugins\org.eclipse.swt\EBWebView\Default
2026-08-11 17:02:16.346: [INFO] Profiles total count: 1
2026-08-11 17:02:16.346: [INFO] Profile: name=Profile 1 path=C:\Users\Shivanand\eclipse-workspace\.metadata\.plugins\org.eclipse.swt\EBWebView\Default lastActive=2026-05-23T18:41:24.655Z
2026-08-11 17:02:16.346: [INFO] LastUsedProfileDir: C:\Users\Shivanand\eclipse-workspace\.metadata\.plugins\org.eclipse.swt\EBWebView\Default
2026-08-11 17:02:16.346: [INFO] MostRecentlyActiveProfile: name=Profile 1 path=C:\Users\Shivanand\eclipse-workspace\.metadata\.plugins\org.eclipse.swt\EBWebView\Default lastActive=2026-05-23T18:41:24.655Z
2026-08-11 17:02:16.346: [INFO] OnDoneLoading sync enabled: 0
2026-08-11 17:02:16.346: [INFO] BookmarkModelLoaded, ids_reassigned: 0
2026-08-11 17:02:16.346: [INFO] BookmarksLoadDropped droppedNodes=0
2026-08-11 17:02:16.346: [INFO] BookmarksSnapshot Startup total=0 bar=0 other=0 mobile=0 showBar=0 showBarNTP=1
2026-08-11 17:04:04.550: [INFO] BookmarksSnapshot Shutdown total=0 bar=0 other=0 mobile=0 showBar=0 showBarNTP=1
2026-08-11 17:04:28.151: [INFO] CurrentProfilePath: C:\Users\Shivanand\eclipse-workspace\.metadata\.plugins\org.eclipse.swt\EBWebView\Default
2026-08-11 17:04:28.151: [INFO] Profiles total count: 1
2026-08-11 17:04:28.151: [INFO] Profile: name=Profile 1 path=C:\Users\Shivanand\eclipse-workspace\.metadata\.plugins\org.eclipse.swt\EBWebView\Default lastActive=2026-05-23T18:41:24.655Z
2026-08-11 17:04:28.151: [INFO] LastUsedProfileDir: C:\Users\Shivanand\eclipse-workspace\.metadata\.plugins\org.eclipse.swt\EBWebView\Default
2026-08-11 17:04:28.151: [INFO] MostRecentlyActiveProfile: name=Profile 1 path=C:\Users\Shivanand\eclipse-workspace\.metadata\.plugins\org.eclipse.swt\EBWebView\Default lastActive=2026-05-23T18:41:24.655Z
2026-08-11 17:04:28.151: [INFO] OnDoneLoading sync enabled: 0
2026-08-11 17:04:28.151: [INFO] BookmarkModelLoaded, ids_reassigned: 0
2026-08-11 17:04:28.151: [INFO] BookmarksLoadDropped droppedNodes=0
2026-08-11 17:04:28.151: [INFO] BookmarksSnapshot Startup total=0 bar=0 other=0 mobile=0 showBar=0 showBarNTP=1
2026-08-11 17:08:30.902: [INFO] BookmarksSnapshot Shutdown total=0 bar=0 other=0 mobile=0 showBar=0 showBarNTP=1
2026-08-11 17:08:30.940: [INFO] CurrentProfilePath: C:\Users\Shivanand\eclipse-workspace\.metadata\.plugins\org.eclipse.swt\EBWebView\Default
2026-08-11 17:08:30.940: [INFO] Profiles total count: 1
2026-08-11 17:08:30.941: [INFO] Profile: name=Profile 1 path=C:\Users\Shivanand\eclipse-workspace\.metadata\.plugins\org.eclipse.swt\EBWebView\Default lastActive=2026-05-23T18:41:24.655Z
2026-08-11 17:08:30.941: [INFO] LastUsedProfileDir: C:\Users\Shivanand\eclipse-workspace\.metadata\.plugins\org.eclipse.swt\EBWebView\Default
2026-08-11 17:08:30.941: [INFO] MostRecentlyActiveProfile: name=Profile 1 path=C:\Users\Shivanand\eclipse-workspace\.metadata\.plugins\org.eclipse.swt\EBWebView\Default lastActive=2026-05-23T18:41:24.655Z
2026-08-11 17:08:30.941: [INFO] OnDoneLoading sync enabled: 0
2026-08-11 17:08:30.941: [INFO] BookmarkModelLoaded, ids_reassigned: 0
2026-08-11 17:08:30.941: [INFO] BookmarksLoadDropped droppedNodes=0
2026-08-11 17:08:30.941: [INFO] BookmarksSnapshot Startup total=0 bar=0 other=0 mobile=0 showBar=0 showBarNTP=1
2026-08-11 17:09:28.875: [INFO] BookmarksSnapshot Shutdown total=0 bar=0 other=0 mobile=0 showBar=0 showBarNTP=1
2026-08-11 17:09:37.342: [INFO] CurrentProfilePath: C:\Users\Shivanand\eclipse-workspace\.metadata\.plugins\org.eclipse.swt\EBWebView\Default
2026-08-11 17:09:37.342: [INFO] Profiles total count: 1
2026-08-11 17:09:37.342: [INFO] Profile: name=Profile 1 path=C:\Users\Shivanand\eclipse-workspace\.metadata\.plugins\org.eclipse.swt\EBWebView\Default lastActive=2026-05-23T18:41:24.655Z
2026-08-11 17:09:37.342: [INFO] LastUsedProfileDir: C:\Users\Shivanand\eclipse-workspace\.metadata\.plugins\org.eclipse.swt\EBWebView\Default
2026-08-11 17:09:37.342: [INFO] MostRecentlyActiveProfile: name=Profile 1 path=C:\Users\Shivanand\eclipse-workspace\.metadata\.plugins\org.eclipse.swt\EBWebView\Default lastActive=2026-05-23T18:41:24.655Z
2026-08-11 17:09:37.342: [INFO] OnDoneLoading sync enabled: 0
2026-08-11 17:09:37.342: [INFO] BookmarkModelLoaded, ids_reassigned: 0
2026-08-11 17:09:37.342: [INFO] BookmarksLoadDropped droppedNodes=0
2026-08-11 17:09:37.342: [INFO] BookmarksSnapshot Startup total=0 bar=0 other=0 mobile=0 showBar=0 showBarNTP=1
2026-08-11 17:09:55.007: [INFO] BookmarksSnapshot Shutdown total=0 bar=0 other=0 mobile=0 showBar=0 showBarNTP=1
2026-08-11 17:10:00.662: [INFO] CurrentProfilePath: C:\Users\Shivanand\eclipse-workspace\.metadata\.plugins\org.eclipse.swt\EBWebView\Default
2026-08-11 17:10:00.662: [INFO] Profiles total count: 1
2026-08-11 17:10:00.662: [INFO] Profile: name=Profile 1 path=C:\Users\Shivanand\eclipse-workspace\.metadata\.plugins\org.eclipse.swt\EBWebView\Default lastActive=2026-05-23T18:41:24.655Z
2026-08-11 17:10:00.662: [INFO] LastUsedProfileDir: C:\Users\Shivanand\eclipse-workspace\.metadata\.plugins\org.eclipse.swt\EBWebView\Default
2026-08-11 17:10:00.662: [INFO] MostRecentlyActiveProfile: name=Profile 1 path=C:\Users\Shivanand\eclipse-workspace\.metadata\.plugins\org.eclipse.swt\EBWebView\Default lastActive=2026-05-23T18:41:24.655Z
2026-08-11 17:10:00.662: [INFO] OnDoneLoading sync enabled: 0
2026-08-11 17:10:00.662: [INFO] BookmarkModelLoaded, ids_reassigned: 0
2026-08-11 17:10:00.662: [INFO] BookmarksLoadDropped droppedNodes=0
2026-08-11 17:10:00.662: [INFO] BookmarksSnapshot Startup total=0 bar=0 other=0 mobile=0 showBar=0 showBarNTP=1
2026-08-11 17:10:50.075: [INFO] BookmarksSnapshot Shutdown total=0 bar=0 other=0 mobile=0 showBar=0 showBarNTP=1
2026-08-11 17:15:39.002: [INFO] CurrentProfilePath: C:\Users\Shivanand\eclipse-workspace\.metadata\.plugins\org.eclipse.swt\EBWebView\Default
2026-08-11 17:15:39.002: [INFO] Profiles total count: 1
2026-08-11 17:15:39.002: [INFO] Profile: name=Profile 1 path=C:\Users\Shivanand\eclipse-workspace\.metadata\.plugins\org.eclipse.swt\EBWebView\Default lastActive=2026-05-23T18:41:24.655Z
2026-08-11 17:15:39.002: [INFO] LastUsedProfileDir: C:\Users\Shivanand\eclipse-workspace\.metadata\.plugins\org.eclipse.swt\EBWebView\Default
2026-08-11 17:15:39.002: [INFO] MostRecentlyActiveProfile: name=Profile 1 path=C:\Users\Shivanand\eclipse-workspace\.metadata\.plugins\org.eclipse.swt\EBWebView\Default lastActive=2026-05-23T18:41:24.655Z
2026-08-11 17:15:39.002: [INFO] OnDoneLoading sync enabled: 0
2026-08-11 17:15:39.002: [INFO] BookmarkModelLoaded, ids_reassigned: 0
2026-08-11 17:15:39.002: [INFO] BookmarksLoadDropped droppedNodes=0
2026-08-11 17:15:39.002: [INFO] BookmarksSnapshot Startup total=0 bar=0 other=0 mobile=0 showBar=0 showBarNTP=1
2026-08-11 17:15:43.393: [INFO] BookmarksSnapshot Shutdown total=0 bar=0 other=0 mobile=0 showBar=0 showBarNTP=1
2026-08-11 17:15:50.473: [INFO] CurrentProfilePath: C:\Users\Shivanand\eclipse-workspace\.metadata\.plugins\org.eclipse.swt\EBWebView\Default
2026-08-11 17:15:50.473: [INFO] Profiles total count: 1
2026-08-11 17:15:50.473: [INFO] Profile: name=Profile 1 path=C:\Users\Shivanand\eclipse-workspace\.metadata\.plugins\org.eclipse.swt\EBWebView\Default lastActive=2026-05-23T18:41:24.655Z
2026-08-11 17:15:50.473: [INFO] LastUsedProfileDir: C:\Users\Shivanand\eclipse-workspace\.metadata\.plugins\org.eclipse.swt\EBWebView\Default
2026-08-11 17:15:50.473: [INFO] MostRecentlyActiveProfile: name=Profile 1 path=C:\Users\Shivanand\eclipse-workspace\.metadata\.plugins\org.eclipse.swt\EBWebView\Default lastActive=2026-05-23T18:41:24.655Z
2026-08-11 17:15:50.473: [INFO] OnDoneLoading sync enabled: 0
2026-08-11 17:15:50.473: [INFO] BookmarkModelLoaded, ids_reassigned: 0
2026-08-11 17:15:50.473: [INFO] BookmarksLoadDropped droppedNodes=0
2026-08-11 17:15:50.473: [INFO] BookmarksSnapshot Startup total=0 bar=0 other=0 mobile=0 showBar=0 showBarNTP=1
2026-08-11 17:16:10.244: [INFO] BookmarksSnapshot Shutdown total=0 bar=0 other=0 mobile=0 showBar=0 showBarNTP=1
2026-08-11 17:17:10.069: [INFO] CurrentProfilePath: C:\Users\Shivanand\eclipse-workspace\.metadata\.plugins\org.eclipse.swt\EBWebView\Default
2026-08-11 17:17:10.069: [INFO] Profiles total count: 1
2026-08-11 17:17:10.069: [INFO] Profile: name=Profile 1 path=C:\Users\Shivanand\eclipse-workspace\.metadata\.plugins\org.eclipse.swt\EBWebView\Default lastActive=2026-05-23T18:41:24.655Z
2026-08-11 17:17:10.069: [INFO] LastUsedProfileDir: C:\Users\Shivanand\eclipse-workspace\.metadata\.plugins\org.eclipse.swt\EBWebView\Default
2026-08-11 17:17:10.069: [INFO] MostRecentlyActiveProfile: name=Profile 1 path=C:\Users\Shivanand\eclipse-workspace\.metadata\.plugins\org.eclipse.swt\EBWebView\Default lastActive=2026-05-23T18:41:24.655Z
2026-08-11 17:17:10.069: [INFO] OnDoneLoading sync enabled: 0
2026-08-11 17:17:10.069: [INFO] BookmarkModelLoaded, ids_reassigned: 0
2026-08-11 17:17:10.069: [INFO] BookmarksLoadDropped droppedNodes=0
2026-08-11 17:17:10.069: [INFO] BookmarksSnapshot Startup total=0 bar=0 other=0 mobile=0 showBar=0 showBarNTP=1
2026-08-11 17:17:13.741: [INFO] BookmarksSnapshot Shutdown total=0 bar=0 other=0 mobile=0 showBar=0 showBarNTP=1
2026-08-11 17:17:34.956: [INFO] CurrentProfilePath: C:\Users\Shivanand\eclipse-workspace\.metadata\.plugins\org.eclipse.swt\EBWebView\Default
2026-08-11 17:17:34.956: [INFO] Profiles total count: 1
2026-08-11 17:17:34.957: [INFO] Profile: name=Profile 1 path=C:\Users\Shivanand\eclipse-workspace\.metadata\.plugins\org.eclipse.swt\EBWebView\Default lastActive=2026-05-23T18:41:24.655Z
2026-08-11 17:17:34.957: [INFO] LastUsedProfileDir: C:\Users\Shivanand\eclipse-workspace\.metadata\.plugins\org.eclipse.swt\EBWebView\Default
2026-08-11 17:17:34.957: [INFO] MostRecentlyActiveProfile: name=Profile 1 path=C:\Users\Shivanand\eclipse-workspace\.metadata\.plugins\org.eclipse.swt\EBWebView\Default lastActive=2026-05-23T18:41:24.655Z
2026-08-11 17:17:34.957: [INFO] OnDoneLoading sync enabled: 0
2026-08-11 17:17:34.957: [INFO] BookmarkModelLoaded, ids_reassigned: 0
2026-08-11 17:17:34.957: [INFO] BookmarksLoadDropped droppedNodes=0
2026-08-11 17:17:34.957: [INFO] BookmarksSnapshot Startup total=0 bar=0 other=0 mobile=0 showBar=0 showBarNTP=1
2026-08-11 17:17:43.847: [INFO] BookmarksSnapshot Shutdown total=0 bar=0 other=0 mobile=0 showBar=0 showBarNTP=1
2026-08-11 17:18:04.896: [INFO] CurrentProfilePath: C:\Users\Shivanand\eclipse-workspace\.metadata\.plugins\org.eclipse.swt\EBWebView\Default
2026-08-11 17:18:04.896: [INFO] Profiles total count: 1
2026-08-11 17:18:04.896: [INFO] Profile: name=Profile 1 path=C:\Users\Shivanand\eclipse-workspace\.metadata\.plugins\org.eclipse.swt\EBWebView\Default lastActive=2026-05-23T18:41:24.655Z
2026-08-11 17:18:04.896: [INFO] LastUsedProfileDir: C:\Users\Shivanand\eclipse-workspace\.metadata\.plugins\org.eclipse.swt\EBWebView\Default
2026-08-11 17:18:04.896: [INFO] MostRecentlyActiveProfile: name=Profile 1 path=C:\Users\Shivanand\eclipse-workspace\.metadata\.plugins\org.eclipse.swt\EBWebView\Default lastActive=2026-05-23T18:41:24.655Z
2026-08-11 17:18:04.896: [INFO] OnDoneLoading sync enabled: 0
2026-08-11 17:18:04.896: [INFO] BookmarkModelLoaded, ids_reassigned: 0
2026-08-11 17:18:04.896: [INFO] BookmarksLoadDropped droppedNodes=0
2026-08-11 17:18:04.896: [INFO] BookmarksSnapshot Startup total=0 bar=0 other=0 mobile=0 showBar=0 showBarNTP=1
2026-08-11 17:18:09.313: [INFO] BookmarksSnapshot Shutdown total=0 bar=0 other=0 mobile=0 showBar=0 showBarNTP=1
2026-08-11 17:18:13.054: [INFO] CurrentProfilePath: C:\Users\Shivanand\eclipse-workspace\.metadata\.plugins\org.eclipse.swt\EBWebView\Default
2026-08-11 17:18:13.054: [INFO] Profiles total count: 1
2026-08-11 17:18:13.054: [INFO] Profile: name=Profile 1 path=C:\Users\Shivanand\eclipse-workspace\.metadata\.plugins\org.eclipse.swt\EBWebView\Default lastActive=2026-05-23T18:41:24.655Z
2026-08-11 17:18:13.054: [INFO] LastUsedProfileDir: C:\Users\Shivanand\eclipse-workspace\.metadata\.plugins\org.eclipse.swt\EBWebView\Default
2026-08-11 17:18:13.054: [INFO] MostRecentlyActiveProfile: name=Profile 1 path=C:\Users\Shivanand\eclipse-workspace\.metadata\.plugins\org.eclipse.swt\EBWebView\Default lastActive=2026-05-23T18:41:24.655Z
2026-08-11 17:18:13.054: [INFO] OnDoneLoading sync enabled: 0
2026-08-11 17:18:13.054: [INFO] BookmarkModelLoaded, ids_reassigned: 0
2026-08-11 17:18:13.054: [INFO] BookmarksLoadDropped droppedNodes=0
2026-08-11 17:18:13.054: [INFO] BookmarksSnapshot Startup total=0 bar=0 other=0 mobile=0 showBar=0 showBarNTP=1
2026-08-11 17:18:18.451: [INFO] BookmarksSnapshot Shutdown total=0 bar=0 other=0 mobile=0 showBar=0 showBarNTP=1
2026-08-11 17:25:05.999: [INFO] CurrentProfilePath: C:\Users\Shivanand\eclipse-workspace\.metadata\.plugins\org.eclipse.swt\EBWebView\Default
2026-08-11 17:25:05.999: [INFO] Profiles total count: 1
2026-08-11 17:25:05.999: [INFO] Profile: name=Profile 1 path=C:\Users\Shivanand\eclipse-workspace\.metadata\.plugins\org.eclipse.swt\EBWebView\Default lastActive=2026-05-23T18:41:24.655Z
2026-08-11 17:25:05.999: [INFO] LastUsedProfileDir: C:\Users\Shivanand\eclipse-workspace\.metadata\.plugins\org.eclipse.swt\EBWebView\Default
2026-08-11 17:25:05.999: [INFO] MostRecentlyActiveProfile: name=Profile 1 path=C:\Users\Shivanand\eclipse-workspace\.metadata\.plugins\org.eclipse.swt\EBWebView\Default lastActive=2026-05-23T18:41:24.655Z
2026-08-11 17:25:05.999: [INFO] OnDoneLoading sync enabled: 0
2026-08-11 17:25:05.999: [INFO] BookmarkModelLoaded, ids_reassigned: 0
2026-08-11 17:25:05.999: [INFO] BookmarksLoadDropped droppedNodes=0
2026-08-11 17:25:05.999: [INFO] BookmarksSnapshot Startup total=0 bar=0 other=0 mobile=0 showBar=0 showBarNTP=1
2026-08-11 18:35:26.701: [INFO] BookmarksSnapshot Shutdown total=0 bar=0 other=0 mobile=0 showBar=0 showBarNTP=1
2026-08-11 18:37:43.160: [INFO] CurrentProfilePath: C:\Users\Shivanand\eclipse-workspace\.metadata\.plugins\org.eclipse.swt\EBWebView\Default
2026-08-11 18:37:43.160: [INFO] Profiles total count: 1
2026-08-11 18:37:43.160: [INFO] Profile: name=Profile 1 path=C:\Users\Shivanand\eclipse-workspace\.metadata\.plugins\org.eclipse.swt\EBWebView\Default lastActive=2026-05-23T18:41:24.655Z
2026-08-11 18:37:43.160: [INFO] LastUsedProfileDir: C:\Users\Shivanand\eclipse-workspace\.metadata\.plugins\org.eclipse.swt\EBWebView\Default
2026-08-11 18:37:43.160: [INFO] MostRecentlyActiveProfile: name=Profile 1 path=C:\Users\Shivanand\eclipse-workspace\.metadata\.plugins\org.eclipse.swt\EBWebView\Default lastActive=2026-05-23T18:41:24.655Z
2026-08-11 18:37:43.160: [INFO] OnDoneLoading sync enabled: 0
2026-08-11 18:37:43.160: [INFO] BookmarkModelLoaded, ids_reassigned: 0
2026-08-11 18:37:43.160: [INFO] BookmarksLoadDropped droppedNodes=0
2026-08-11 18:37:43.160: [INFO] BookmarksSnapshot Startup total=0 bar=0 other=0 mobile=0 showBar=0 showBarNTP=1
2026-08-12 01:45:25.345: [INFO] BookmarksSnapshot Shutdown total=0 bar=0 other=0 mobile=0 showBar=0 showBarNTP=1
2026-08-13 16:19:56.350: [INFO] CurrentProfilePath: C:\Users\Shivanand\eclipse-workspace\.metadata\.plugins\org.eclipse.swt\EBWebView\Default
2026-08-13 16:19:56.350: [INFO] Profiles total count: 1
2026-08-13 16:19:56.350: [INFO] Profile: name=Profile 1 path=C:\Users\Shivanand\eclipse-workspace\.metadata\.plugins\org.eclipse.swt\EBWebView\Default lastActive=2026-05-23T18:41:24.655Z
2026-08-13 16:19:56.350: [INFO] LastUsedProfileDir: C:\Users\Shivanand\eclipse-workspace\.metadata\.plugins\org.eclipse.swt\EBWebView\Default
2026-08-13 16:19:56.350: [INFO] MostRecentlyActiveProfile: name=Profile 1 path=C:\Users\Shivanand\eclipse-workspace\.metadata\.plugins\org.eclipse.swt\EBWebView\Default lastActive=2026-05-23T18:41:24.655Z
2026-08-13 16:19:56.350: [INFO] OnDoneLoading sync enabled: 0
2026-08-13 16:19:56.350: [INFO] BookmarkModelLoaded, ids_reassigned: 0
2026-08-13 16:19:56.350: [INFO] BookmarksLoadDropped droppedNodes=0
2026-08-13 16:19:56.350: [INFO] BookmarksSnapshot Startup total=0 bar=0 other=0 mobile=0 showBar=0 showBarNTP=1
2026-08-13 16:20:08.519: [INFO] BookmarksSnapshot Shutdown total=0 bar=0 other=0 mobile=0 showBar=0 showBarNTP=1
2026-08-13 16:20:17.610: [INFO] CurrentProfilePath: C:\Users\Shivanand\eclipse-workspace\.metadata\.plugins\org.eclipse.swt\EBWebView\Default
2026-08-13 16:20:17.610: [INFO] Profiles total count: 1
2026-08-13 16:20:17.610: [INFO] Profile: name=Profile 1 path=C:\Users\Shivanand\eclipse-workspace\.metadata\.plugins\org.eclipse.swt\EBWebView\Default lastActive=2026-05-23T18:41:24.655Z
2026-08-13 16:20:17.610: [INFO] LastUsedProfileDir: C:\Users\Shivanand\eclipse-workspace\.metadata\.plugins\org.eclipse.swt\EBWebView\Default
2026-08-13 16:20:17.610: [INFO] MostRecentlyActiveProfile: name=Profile 1 path=C:\Users\Shivanand\eclipse-workspace\.metadata\.plugins\org.eclipse.swt\EBWebView\Default lastActive=2026-05-23T18:41:24.655Z
2026-08-13 16:20:17.610: [INFO] OnDoneLoading sync enabled: 0
2026-08-13 16:20:17.610: [INFO] BookmarkModelLoaded, ids_reassigned: 0
2026-08-13 16:20:17.610: [INFO] BookmarksLoadDropped droppedNodes=0
2026-08-13 16:20:17.610: [INFO] BookmarksSnapshot Startup total=0 bar=0 other=0 mobile=0 showBar=0 showBarNTP=1
2026-08-13 16:20:19.965: [INFO] BookmarksSnapshot Shutdown total=0 bar=0 other=0 mobile=0 showBar=0 showBarNTP=1
2026-08-13 16:20:38.188: [INFO] CurrentProfilePath: C:\Users\Shivanand\eclipse-workspace\.metadata\.plugins\org.eclipse.swt\EBWebView\Default
2026-08-13 16:20:38.188: [INFO] Profiles total count: 1
2026-08-13 16:20:38.189: [INFO] Profile: name=Profile 1 path=C:\Users\Shivanand\eclipse-workspace\.metadata\.plugins\org.eclipse.swt\EBWebView\Default lastActive=2026-05-23T18:41:24.655Z
2026-08-13 16:20:38.189: [INFO] LastUsedProfileDir: C:\Users\Shivanand\eclipse-workspace\.metadata\.plugins\org.eclipse.swt\EBWebView\Default
2026-08-13 16:20:38.189: [INFO] MostRecentlyActiveProfile: name=Profile 1 path=C:\Users\Shivanand\eclipse-workspace\.metadata\.plugins\org.eclipse.swt\EBWebView\Default lastActive=2026-05-23T18:41:24.655Z
2026-08-13 16:20:38.189: [INFO] OnDoneLoading sync enabled: 0
2026-08-13 16:20:38.189: [INFO] BookmarkModelLoaded, ids_reassigned: 0
2026-08-13 16:20:38.189: [INFO] BookmarksLoadDropped droppedNodes=0
2026-08-13 16:20:38.189: [INFO] BookmarksSnapshot Startup total=0 bar=0 other=0 mobile=0 showBar=0 showBarNTP=1
2026-08-13 16:21:16.506: [INFO] BookmarksSnapshot Shutdown total=0 bar=0 other=0 mobile=0 showBar=0 showBarNTP=1
2026-08-13 16:21:22.442: [INFO] CurrentProfilePath: C:\Users\Shivanand\eclipse-workspace\.metadata\.plugins\org.eclipse.swt\EBWebView\Default
2026-08-13 16:21:22.442: [INFO] Profiles total count: 1
2026-08-13 16:21:22.443: [INFO] Profile: name=Profile 1 path=C:\Users\Shivanand\eclipse-workspace\.metadata\.plugins\org.eclipse.swt\EBWebView\Default lastActive=2026-05-23T18:41:24.655Z
2026-08-13 16:21:22.443: [INFO] LastUsedProfileDir: C:\Users\Shivanand\eclipse-workspace\.metadata\.plugins\org.eclipse.swt\EBWebView\Default
2026-08-13 16:21:22.443: [INFO] MostRecentlyActiveProfile: name=Profile 1 path=C:\Users\Shivanand\eclipse-workspace\.metadata\.plugins\org.eclipse.swt\EBWebView\Default lastActive=2026-05-23T18:41:24.655Z
2026-08-13 16:21:22.443: [INFO] OnDoneLoading sync enabled: 0
2026-08-13 16:21:22.443: [INFO] BookmarkModelLoaded, ids_reassigned: 0
2026-08-13 16:21:22.443: [INFO] BookmarksLoadDropped droppedNodes=0
2026-08-13 16:21:22.443: [INFO] BookmarksSnapshot Startup total=0 bar=0 other=0 mobile=0 showBar=0 showBarNTP=1
2026-08-13 16:21:30.148: [INFO] BookmarksSnapshot Shutdown total=0 bar=0 other=0 mobile=0 showBar=0 showBarNTP=1
2026-08-13 16:23:27.179: [INFO] CurrentProfilePath: C:\Users\Shivanand\eclipse-workspace\.metadata\.plugins\org.eclipse.swt\EBWebView\Default
2026-08-13 16:23:27.179: [INFO] Profiles total count: 1
2026-08-13 16:23:27.180: [INFO] Profile: name=Profile 1 path=C:\Users\Shivanand\eclipse-workspace\.metadata\.plugins\org.eclipse.swt\EBWebView\Default lastActive=2026-05-23T18:41:24.655Z
2026-08-13 16:23:27.180: [INFO] LastUsedProfileDir: C:\Users\Shivanand\eclipse-workspace\.metadata\.plugins\org.eclipse.swt\EBWebView\Default
2026-08-13 16:23:27.180: [INFO] MostRecentlyActiveProfile: name=Profile 1 path=C:\Users\Shivanand\eclipse-workspace\.metadata\.plugins\org.eclipse.swt\EBWebView\Default lastActive=2026-05-23T18:41:24.655Z
2026-08-13 16:23:27.180: [INFO] OnDoneLoading sync enabled: 0
2026-08-13 16:23:27.180: [INFO] BookmarkModelLoaded, ids_reassigned: 0
2026-08-13 16:23:27.180: [INFO] BookmarksLoadDropped droppedNodes=0
2026-08-13 16:23:27.180: [INFO] BookmarksSnapshot Startup total=0 bar=0 other=0 mobile=0 showBar=0 showBarNTP=1
2026-08-13 16:23:33.326: [INFO] BookmarksSnapshot Shutdown total=0 bar=0 other=0 mobile=0 showBar=0 showBarNTP=1
2026-08-13 16:24:44.429: [INFO] CurrentProfilePath: C:\Users\Shivanand\eclipse-workspace\.metadata\.plugins\org.eclipse.swt\EBWebView\Default
2026-08-13 16:24:44.429: [INFO] Profiles total count: 1
2026-08-13 16:24:44.430: [INFO] Profile: name=Profile 1 path=C:\Users\Shivanand\eclipse-workspace\.metadata\.plugins\org.eclipse.swt\EBWebView\Default lastActive=2026-05-23T18:41:24.655Z
2026-08-13 16:24:44.430: [INFO] LastUsedProfileDir: C:\Users\Shivanand\eclipse-workspace\.metadata\.plugins\org.eclipse.swt\EBWebView\Default
2026-08-13 16:24:44.430: [INFO] MostRecentlyActiveProfile: name=Profile 1 path=C:\Users\Shivanand\eclipse-workspace\.metadata\.plugins\org.eclipse.swt\EBWebView\Default lastActive=2026-05-23T18:41:24.655Z
2026-08-13 16:24:44.430: [INFO] OnDoneLoading sync enabled: 0
2026-08-13 16:24:44.430: [INFO] BookmarkModelLoaded, ids_reassigned: 0
2026-08-13 16:24:44.430: [INFO] BookmarksLoadDropped droppedNodes=0
2026-08-13 16:24:44.430: [INFO] BookmarksSnapshot Startup total=0 bar=0 other=0 mobile=0 showBar=0 showBarNTP=1
2026-08-13 16:24:55.146: [INFO] BookmarksSnapshot Shutdown total=0 bar=0 other=0 mobile=0 showBar=0 showBarNTP=1
2026-08-13 16:24:58.427: [INFO] CurrentProfilePath: C:\Users\Shivanand\eclipse-workspace\.metadata\.plugins\org.eclipse.swt\EBWebView\Default
2026-08-13 16:24:58.427: [INFO] Profiles total count: 1
2026-08-13 16:24:58.428: [INFO] Profile: name=Profile 1 path=C:\Users\Shivanand\eclipse-workspace\.metadata\.plugins\org.eclipse.swt\EBWebView\Default lastActive=2026-05-23T18:41:24.655Z
2026-08-13 16:24:58.428: [INFO] LastUsedProfileDir: C:\Users\Shivanand\eclipse-workspace\.metadata\.plugins\org.eclipse.swt\EBWebView\Default
2026-08-13 16:24:58.428: [INFO] MostRecentlyActiveProfile: name=Profile 1 path=C:\Users\Shivanand\eclipse-workspace\.metadata\.plugins\org.eclipse.swt\EBWebView\Default lastActive=2026-05-23T18:41:24.655Z
2026-08-13 16:24:58.428: [INFO] OnDoneLoading sync enabled: 0
2026-08-13 16:24:58.428: [INFO] BookmarkModelLoaded, ids_reassigned: 0
2026-08-13 16:24:58.428: [INFO] BookmarksLoadDropped droppedNodes=0
2026-08-13 16:24:58.428: [INFO] BookmarksSnapshot Startup total=0 bar=0 other=0 mobile=0 showBar=0 showBarNTP=1
2026-08-13 16:30:27.163: [INFO] BookmarksSnapshot Shutdown total=0 bar=0 other=0 mobile=0 showBar=0 showBarNTP=1
2026-08-13 16:32:56.360: [INFO] CurrentProfilePath: C:\Users\Shivanand\eclipse-workspace\.metadata\.plugins\org.eclipse.swt\EBWebView\Default
2026-08-13 16:32:56.360: [INFO] Profiles total count: 1
2026-08-13 16:32:56.360: [INFO] Profile: name=Profile 1 path=C:\Users\Shivanand\eclipse-workspace\.metadata\.plugins\org.eclipse.swt\EBWebView\Default lastActive=2026-05-23T18:41:24.655Z
2026-08-13 16:32:56.360: [INFO] LastUsedProfileDir: C:\Users\Shivanand\eclipse-workspace\.metadata\.plugins\org.eclipse.swt\EBWebView\Default
2026-08-13 16:32:56.360: [INFO] MostRecentlyActiveProfile: name=Profile 1 path=C:\Users\Shivanand\eclipse-workspace\.metadata\.plugins\org.eclipse.swt\EBWebView\Default lastActive=2026-05-23T18:41:24.655Z
2026-08-13 16:32:56.360: [INFO] OnDoneLoading sync enabled: 0
2026-08-13 16:32:56.360: [INFO] BookmarkModelLoaded, ids_reassigned: 0
2026-08-13 16:32:56.360: [INFO] BookmarksLoadDropped droppedNodes=0
2026-08-13 16:32:56.360: [INFO] BookmarksSnapshot Startup total=0 bar=0 other=0 mobile=0 showBar=0 showBarNTP=1
2026-08-13 16:33:01.547: [INFO] BookmarksSnapshot Shutdown total=0 bar=0 other=0 mobile=0 showBar=0 showBarNTP=1
2026-08-13 16:33:02.365: [INFO] CurrentProfilePath: C:\Users\Shivanand\eclipse-workspace\.metadata\.plugins\org.eclipse.swt\EBWebView\Default
2026-08-13 16:33:02.365: [INFO] Profiles total count: 1
2026-08-13 16:33:02.366: [INFO] Profile: name=Profile 1 path=C:\Users\Shivanand\eclipse-workspace\.metadata\.plugins\org.eclipse.swt\EBWebView\Default lastActive=2026-05-23T18:41:24.655Z
2026-08-13 16:33:02.366: [INFO] LastUsedProfileDir: C:\Users\Shivanand\eclipse-workspace\.metadata\.plugins\org.eclipse.swt\EBWebView\Default
2026-08-13 16:33:02.366: [INFO] MostRecentlyActiveProfile: name=Profile 1 path=C:\Users\Shivanand\eclipse-workspace\.metadata\.plugins\org.eclipse.swt\EBWebView\Default lastActive=2026-05-23T18:41:24.655Z
2026-08-13 16:33:02.366: [INFO] OnDoneLoading sync enabled: 0
2026-08-13 16:33:02.366: [INFO] BookmarkModelLoaded, ids_reassigned: 0
2026-08-13 16:33:02.366: [INFO] BookmarksLoadDropped droppedNodes=0
2026-08-13 16:33:02.366: [INFO] BookmarksSnapshot Startup total=0 bar=0 other=0 mobile=0 showBar=0 showBarNTP=1
2026-08-13 16:33:06.420: [INFO] BookmarksSnapshot Shutdown total=0 bar=0 other=0 mobile=0 showBar=0 showBarNTP=1
2026-08-13 16:33:39.834: [INFO] CurrentProfilePath: C:\Users\Shivanand\eclipse-workspace\.metadata\.plugins\org.eclipse.swt\EBWebView\Default
2026-08-13 16:33:39.834: [INFO] Profiles total count: 1
2026-08-13 16:33:39.834: [INFO] Profile: name=Profile 1 path=C:\Users\Shivanand\eclipse-workspace\.metadata\.plugins\org.eclipse.swt\EBWebView\Default lastActive=2026-05-23T18:41:24.655Z
2026-08-13 16:33:39.834: [INFO] LastUsedProfileDir: C:\Users\Shivanand\eclipse-workspace\.metadata\.plugins\org.eclipse.swt\EBWebView\Default
2026-08-13 16:33:39.834: [INFO] MostRecentlyActiveProfile: name=Profile 1 path=C:\Users\Shivanand\eclipse-workspace\.metadata\.plugins\org.eclipse.swt\EBWebView\Default lastActive=2026-05-23T18:41:24.655Z
2026-08-13 16:33:39.834: [INFO] OnDoneLoading sync enabled: 0
2026-08-13 16:33:39.834: [INFO] BookmarkModelLoaded, ids_reassigned: 0
2026-08-13 16:33:39.834: [INFO] BookmarksLoadDropped droppedNodes=0
2026-08-13 16:33:39.834: [INFO] BookmarksSnapshot Startup total=0 bar=0 other=0 mobile=0 showBar=0 showBarNTP=1
2026-08-13 16:33:48.516: [INFO] BookmarksSnapshot Shutdown total=0 bar=0 other=0 mobile=0 showBar=0 showBarNTP=1
2026-08-13 16:54:10.087: [INFO] CurrentProfilePath: C:\Users\Shivanand\eclipse-workspace\.metadata\.plugins\org.eclipse.swt\EBWebView\Default
2026-08-13 16:54:10.087: [INFO] Profiles total count: 1
2026-08-13 16:54:10.087: [INFO] Profile: name=Profile 1 path=C:\Users\Shivanand\eclipse-workspace\.metadata\.plugins\org.eclipse.swt\EBWebView\Default lastActive=2026-05-23T18:41:24.655Z
2026-08-13 16:54:10.087: [INFO] LastUsedProfileDir: C:\Users\Shivanand\eclipse-workspace\.metadata\.plugins\org.eclipse.swt\EBWebView\Default
2026-08-13 16:54:10.088: [INFO] MostRecentlyActiveProfile: name=Profile 1 path=C:\Users\Shivanand\eclipse-workspace\.metadata\.plugins\org.eclipse.swt\EBWebView\Default lastActive=2026-05-23T18:41:24.655Z
2026-08-13 16:54:10.088: [INFO] OnDoneLoading sync enabled: 0
2026-08-13 16:54:10.088: [INFO] BookmarkModelLoaded, ids_reassigned: 0
2026-08-13 16:54:10.088: [INFO] BookmarksLoadDropped droppedNodes=0
2026-08-13 16:54:10.088: [INFO] BookmarksSnapshot Startup total=0 bar=0 other=0 mobile=0 showBar=0 showBarNTP=1
2026-08-13 18:03:32.367: [INFO] BookmarksSnapshot Shutdown total=0 bar=0 other=0 mobile=0 showBar=0 showBarNTP=1
2026-08-13 18:03:53.942: [INFO] CurrentProfilePath: C:\Users\Shivanand\eclipse-workspace\.metadata\.plugins\org.eclipse.swt\EBWebView\Default
2026-08-13 18:03:53.942: [INFO] Profiles total count: 1
2026-08-13 18:03:53.942: [INFO] Profile: name=Profile 1 path=C:\Users\Shivanand\eclipse-workspace\.metadata\.plugins\org.eclipse.swt\EBWebView\Default lastActive=2026-08-13T17:24:56.261Z
2026-08-13 18:03:53.942: [INFO] LastUsedProfileDir: C:\Users\Shivanand\eclipse-workspace\.metadata\.plugins\org.eclipse.swt\EBWebView\Default
2026-08-13 18:03:53.942: [INFO] MostRecentlyActiveProfile: name=Profile 1 path=C:\Users\Shivanand\eclipse-workspace\.metadata\.plugins\org.eclipse.swt\EBWebView\Default lastActive=2026-08-13T17:24:56.261Z
2026-08-13 18:03:53.942: [INFO] OnDoneLoading sync enabled: 0
2026-08-13 18:03:53.942: [INFO] BookmarkModelLoaded, ids_reassigned: 0
2026-08-13 18:03:53.942: [INFO] BookmarksLoadDropped droppedNodes=0
2026-08-13 18:03:53.942: [INFO] BookmarksSnapshot Startup total=0 bar=0 other=0 mobile=0 showBar=0 showBarNTP=1
2026-08-13 18:26:25.663: [INFO] BookmarksSnapshot Shutdown total=0 bar=0 other=0 mobile=0 showBar=0 showBarNTP=1
